-1.570796326794896619231321691639751442098584699687552910487472296