-62 9 29 -41 29 -61 52 -28 50 12 19 62 -61 27 -65 60 -8 56 -15 41 47 -46 47 -21 -12 53 -63 -34 60 -62 -54 20 -28 47 -61 6 -46 58 -50 -38 6 -66 44 2 21 -53 -3 -4 57 21 32 -44 -31 -27 8 -38 12 -35 2 -52 18 64 -62 -54 -48 -23 -54 24 -23 58 -31 36 15 34 34 -40 20 25 -57 -2 55 