-76 -20 158 -139 -104 62 8 59 -35 16 133 43 52 -120 111 -126 -12 67 -50 108 48 136 -140 29 -22 52 -153 115 -65 32 44 121 -81 37 -35 120 80 87 -138 -72 9 -159 6 -44 39 -117 103 135 -48 74 35 152 -150 85 -34 116 -145 46 62 -63 143 -148 -15 -12 107 -77 153 -14 46 -70 16 -24 32 -153 -92 141 -64 -58 -122 58 