1 111 -81 -46 191 -220 72 -212 -115 21 248 64 159 -130 235 -160 277 -1 223 245 -50 1 39 -289 -71 184 163 188 13 140 53 90 -248 31 -106 -39 -30 -175 -148 -209 137 -207 -86 47 73 178 220 185 204 -220 -3 74 -18 132 85 139 -299 -134 -183 -22 2 120 -237 -100 -58 -216 -130 -200 231 -273 20 298 -233 -203 225 237 291 -80 244 -24 75 50 168 -241 -69 -294 -39 