-333 -18 -293 -126 322 -29 137 -269 257 -343 102 -18 46 179 -28 125 88 306 333 79 362 -259 -93 -310 -113 -289 -80 191 -265 -239 -118 -6 225 -171 -146 264 122 234 19 40 -156 358 91 224 -108 -13 -265 32 251 -360 97 -169 171 -13 27 304 8 73 -206 253 -324 92 -337 329 -277 288 -318 35 -230 169 -44 160 -79 -61 -221 -41 292 -256 165 175 -124 308 330 