-243 151 -310 311 399 -355 -22 56 -325 -298 -247 -117 367 -402 -29 34 204 399 -259 330 -404 214 -392 5 197 -258 -55 89 287 -51 131 334 251 270 328 -418 -412 400 -173 337 -263 187 -292 55 -353 130 -175 330 -396 201 -156 385 -400 -49 -363 262 -417 316 421 -271 0 151 -348 -41 -414 259 -370 -62 141 -383 274 -379 -309 -331 -276 281 -212 348 -306 -204 119 