-78 -34 -242 -113 18 293 -229 -217 -348 52 124 448 -228 445 -12 9 -400 140 432 179 408 -17 245 -71 186 330 -315 447 -245 402 -274 -64 -276 317 -187 -73 442 -250 -41 -341 -280 -44 -308 132 -290 135 -361 202 -315 -93 163 -180 463 286 288 -91 66 367 -333 417 445 -239 -102 360 -410 -74 302 313 -159 -22 26 -366 -332 -35 46 415 -406 276 -385 450 -328 336 