-268 242 -437 -376 472 -464 132 -131 35 501 120 312 485 -357 419 -158 583 -412 375 -480 45 -558 -162 -141 -446 -366 -226 213 -103 205 393 564 -556 -322 -107 77 -545 335 562 -291 389 -448 -384 123 -304 576 -206 291 -239 -152 163 -208 544 -480 304 -590 -52 -16 276 462 171 523 26 162 199 -390 232 -542 -48 -510 445 549 -515 -369 -455 343 -221 -49 144 410 -208 244 526 411 472 