-581 209 -567 99 376 57 609 -350 543 -100 90 466 -146 231 187 328 -441 -187 -1 -471 -397 -534 582 -520 68 -378 -34 -408 -32 -474 -436 -372 -415 -27 50 -422 -22 96 316 581 -561 -222 580 -149 284 606 -158 -32 -519 -51 -143 618 -462 457 584 -312 621 -486 431 -510 -133 -476 -336 445 -49 336 -443 -20 249 35 237 -390 318 -505 -165 -43 534 -114 62 -474 354 -617 -5 43 104 143 427 588 -594 -497 