-166 592 619 -651 -561 384 -358 3 115 458 -331 -99 -493 358 99 378 -470 -280 -560 231 598 -87 216 -621 17 17 -126 61 632 -377 -109 453 -504 299 178 457 -161 133 511 -248 268 -284 591 -368 49 655 -280 346 359 -393 -42 -401 177 -333 405 560 -659 166 -659 -412 -154 -46 -349 107 -604 -373 -133 -234 530 -353 -76 416 -225 526 -604 -460 -231 201 -579 -254 -232 655 -475 653 26 106 