-86 -66 -606 574 -674 -664 479 -666 -649 -316 -22 -443 33 410 289 459 -463 177 -590 -112 242 321 394 -637 -130 43 317 -375 107 -10 79 351 384 157 370 190 443 122 533 -527 -186 -162 -217 -144 1 449 -429 -310 -510 -168 -413 -175 618 -156 -97 467 -181 541 -99 212 -650 237 -285 435 -258 -23 31 260 -62 663 -643 191 196 -655 -468 -142 229 -623 -218 -189 -199 543 -601 182 -287 -71 -144 544 