-717 -596 -160 503 -515 -441 -1 489 -570 579 -696 -669 141 188 -432 402 -547 -211 94 264 -443 677 -480 651 -556 -367 -113 61 467 -634 187 713 -725 52 -549 651 -646 -198 -435 518 -140 580 -228 305 -456 700 -158 298 -627 -483 256 -373 699 207 650 -611 -185 -490 -5 -596 421 -570 54 -97 202 -254 337 -555 438 -191 333 -518 555 -221 447 -500 320 -705 -643 651 305 681 