506 794 432 493 -317 757 -560 297 349 504 -811 -278 166 -776 -246 340 37 631 -354 -252 615 -162 104 9 110 542 742 -523 -329 397 506 -8 34 -578 832 357 734 -719 -545 -577 790 -331 -151 328 424 -441 -161 571 -29 527 -738 216 454 -716 -650 476 -817 3 172 325 227 760 -796 293 -484 -8 -743 212 356 522 -384 -7 713 -215 610 -63 656 -417 26 -593 511 161 742 