286 401 883 -456 137 -509 -482 -666 915 -242 292 808 -271 839 -766 755 -564 226 572 -376 835 -654 -621 898 -608 -514 144 477 -284 421 -787 96 76 395 -965 -68 -944 -516 635 -226 319 546 -327 757 -336 -195 293 -139 851 -940 558 -629 412 247 846 27 163 751 60 414 419 745 917 320 382 331 559 -950 -23 -361 311 674 -955 449 628 -452 391 238 353 -382 735 -394 233 -41 487 -952 -269 