-14 30 -6 25 7 17 23 -12 4 -22 10 -19 -1 -29 -19 -5 0 10 27 -20 -11 5 5 6 28 -32 30 -9 15 -11 16 0 25 -21 2 2 -12 13 -31 5 24 -3 6 -32 32 -30 -8 -31 19 24 -8 7 28 -32 -5 -13 27 -31 26 -22 -3 -16 22 -32 23 9 22 9 13 -25 -6 -31 4 12 -6 -3 14 -6 0 -12 15 