-76 -41 -80 -74 -32 -81 0 -28 60 -96 51 -86 -69 -6 24 -51 43 -34 34 66 73 2 72 -76 51 -64 -2 73 76 -78 -2 82 -73 86 -81 36 87 18 76 -5 32 -62 13 58 -48 68 -93 -74 29 -65 -8 -60 -19 -2 -59 44 79 -93 98 -79 42 96 -67 -14 24 59 95 97 37 74 -80 85 -41 12 