58 100 -94 -38 -24 89 -112 93 -12 80 79 113 -3 64 84 128 -125 -30 118 -75 17 -106 71 -58 -56 -124 -16 -108 82 -90 -81 101 -90 30 -112 -69 -70 97 -84 98 26 64 -88 -22 90 96 -27 90 -46 8 -97 12 -58 20 -104 101 56 72 33 70 -93 86 -117 121 126 -82 -51 -90 -90 -68 112 -94 75 88 39 105 -127 -62 6 -132 -117 -81 111 