-41 20 -146 122 -155 40 -55 184 -175 -19 55 192 -128 -126 36 106 147 -157 135 -128 136 -129 -112 164 -139 71 -188 116 -9 137 -101 192 -153 182 -172 -97 -168 101 170 -138 92 -142 -79 -131 89 -134 182 -181 94 60 155 -92 -40 0 151 5 185 -77 -32 -81 136 -185 10 -41 -14 -195 -69 -131 47 -114 -26 -157 53 97 -150 -134 