21 64 27 112 118 -64 125 -89 138 27 82 -222 94 -87 87 9 129 -61 122 -85 213 -230 -198 159 -66 104 -105 -65 -181 71 -16 70 -41 177 -8 179 -161 -119 159 -136 108 -38 144 41 119 34 149 -217 -47 21 81 191 -35 -18 -168 -122 -121 -110 81 5 52 53 70 -177 198 -214 -16 -126 19 195 -78 215 -140 153 200 -231 -88 9 122 -73 3 188 227 -191 94 