17 255 -131 -98 226 240 -213 -167 -258 -55 29 39 -153 206 26 91 139 249 -188 170 -211 220 -256 -242 186 -130 -115 102 183 -156 -18 203 -132 206 -64 171 -226 -175 -184 194 68 155 -96 -20 188 -222 -83 153 -207 -181 102 -215 6 51 -233 -156 152 -114 -92 -119 188 209 -126 1 -47 50 27 188 -11 85 -193 -59 -12 -86 112 -40 194 14 255 -247 137 175 