-255 -17 278 -73 315 -130 223 -262 -24 -193 -37 96 -260 -138 119 -324 -149 -111 -24 276 -269 100 -323 -318 -11 113 -277 222 -108 8 -25 181 -281 180 -188 156 282 -320 288 -279 307 -144 -8 -239 -26 -235 -191 -94 -24 169 -164 19 47 -216 115 -262 -15 176 -79 1 174 -211 -39 -288 -210 24 -168 116 -127 229 -213 -174 240 312 84 261 -177 327 -249 -235 -56 79 123 -32 271 