-154 34 167 313 21 115 -310 220 -103 385 -201 270 349 -123 -71 190 -340 266 293 -59 223 332 -96 192 -8 123 -82 -57 310 -312 310 333 -259 -241 311 -274 -226 137 383 -278 206 -184 -110 109 353 -313 -313 73 259 120 181 164 213 -303 -144 -291 -16 -354 -329 -65 237 -308 -199 -346 28 171 391 -261 -125 368 -196 65 -293 -235 208 230 -337 -239 -331 151 35 124 212 