-425 -294 -176 -137 70 -420 266 -489 -445 229 -478 431 -421 159 -514 443 -494 -370 -329 508 -440 107 -464 -402 -156 -272 226 -444 334 -503 344 471 -426 -248 100 -26 295 246 476 -250 -69 -354 421 87 319 467 -19 479 2 171 17 521 -509 -107 277 7 457 -20 13 70 239 401 527 -289 130 -354 363 164 207 -249 327 -342 -216 476 -436 -182 -14 424 439 