-435 336 -388 267 -461 44 517 -388 56 395 -314 347 384 529 -419 309 431 -499 249 -223 -90 -336 193 281 -81 283 456 127 299 441 -424 -60 486 -516 69 514 212 462 318 341 -56 509 20 22 418 -346 131 465 -540 -308 -231 -458 -423 196 123 564 -206 76 315 21 210 -114 -70 219 -191 -66 121 -532 412 481 -111 209 -413 251 -538 212 -460 275 289 -22 145 356 -269 228 -410 -5 201 