-137 705 -409 -172 -631 234 119 516 -556 667 -379 502 703 292 421 -411 -330 -745 -653 75 -598 -272 188 -682 -138 -390 -81 228 -728 -5 -119 -108 169 758 -641 -166 -588 750 -740 -235 390 -141 257 -670 166 -467 100 -473 -135 341 34 761 -458 178 518 587 744 571 644 509 567 -16 604 -422 -50 428 -744 -17 479 -203 515 515 -626 -131 688 37 267 477 -679 680 -504 483 607 671 270 354 