388 632 -30 135 652 -220 589 -672 -670 -315 -41 790 -714 281 546 -4 289 -25 626 -368 -368 521 -784 -96 -484 94 -237 -110 475 -239 501 693 -506 379 695 -58 176 -789 643 -535 -496 44 -752 -184 -688 -577 373 -791 -9 -603 -274 -738 256 -701 160 -515 131 588 -643 459 -778 779 -708 491 -68 416 -201 9 -191 444 167 342 -714 -185 32 118 797 491 770 