-515 -309 252 10 332 -808 -3 -34 289 -141 68 -56 172 -591 -15 -285 26 497 -858 -810 -663 -486 173 -409 166 42 824 -184 97 -418 412 -534 307 668 -694 116 505 -484 314 -834 698 -850 -413 -539 537 -769 -147 825 -558 -113 -852 386 135 770 -378 79 -352 576 -493 -416 12 78 -25 12 357 -746 259 519 -512 407 346 688 768 -214 171 -843 -806 158 601 -860 4 283 -571 33 -825 57 