-69 -52 316 -201 122 139 415 839 435 504 -798 -585 65 643 -672 173 -837 836 -90 391 -20 866 -771 345 862 -836 -736 591 791 -27 649 898 -109 252 -816 639 -863 191 -673 42 702 -132 99 -423 66 735 -488 812 -851 -150 -766 -59 417 801 -711 -194 303 457 -403 227 820 18 64 -574 279 456 -701 -645 845 -277 674 -860 357 -545 870 -860 -185 724 -711 63 