41 150 -30 663 -629 -46 -632 51 -712 -365 -893 456 -836 -157 -239 921 -681 -340 -361 -361 -395 -234 -379 346 -685 596 -200 -97 -12 328 -347 -339 -222 -789 -32 720 -492 93 894 640 659 -849 -318 60 199 -374 121 -555 -469 -570 366 -697 -271 479 -233 786 117 314 -898 671 -258 -251 91 -358 -70 210 -790 -285 569 -473 741 -32 245 -359 719 -368 136 140 731 922 