-679 -101 -169 -132 225 -682 -75 529 932 -636 5 613 -331 762 819 -535 436 -733 -237 45 507 -957 671 -806 445 854 -35 960 238 864 -936 497 -498 -325 -408 893 -652 -433 528 -499 72 942 -621 -162 770 -770 -696 -226 -554 -431 -403 368 403 -462 659 -290 668 821 -852 -133 260 -829 -714 173 -540 -27 198 431 -643 528 906 -38 695 400 653 -507 114 -434 997 -438 596 614 -775 934 -879 -82 