-0.252680255142078653485657436993710972252193733096838193633