0.523598775598298873077107230546583814032861566562517636829