0.848062078981481008052944338998418080073366213263112642860