1.5707963267948966192313216916397514420985846996875529104874722961